<area shape="rect" id="node1" href="http://smw.learning-socle.org/index.php/Cat%C3%A9gorie:Objet" title="Objet" alt="" coords="165,127,248,164">
<area shape="rect" id="node3" href="http://smw.learning-socle.org/index.php/Cat%C3%A9gorie:Projet" title="Projet" alt="" coords="319,5,391,32">
<area shape="rect" id="node5" href="http://smw.learning-socle.org/index.php/Cat%C3%A9gorie:Sujet_de_projet" title="Sujet de projet" alt="" coords="297,56,412,83">
<area shape="rect" id="node7" href="http://smw.learning-socle.org/index.php/Cat%C3%A9gorie:D%C3%A9finition" title="Définition" alt="" coords="313,107,396,133">
<area shape="rect" id="node9" href="http://smw.learning-socle.org/index.php/Cat%C3%A9gorie:Besoin" title="Besoin" alt="" coords="319,157,391,184">
<area shape="rect" id="node11" href="http://smw.learning-socle.org/index.php/Cat%C3%A9gorie:Mod%C3%A8le" title="Modèle" alt="" coords="319,208,391,235">
<area shape="rect" id="node13" href="http://smw.learning-socle.org/index.php/Cat%C3%A9gorie:Recette" title="Recette" alt="" coords="319,259,391,285">
<area shape="rect" id="node14" href="http://smw.learning-socle.org/index.php/Cat%C3%A9gorie:Cat%C3%A9gorie" title="Catégorie" alt="" coords="20,132,103,159">
<area shape="rect" id="node16" href="http://smw.learning-socle.org/index.php/Cat%C3%A9gorie:Connaissance" title="Connaissance" alt="" coords="7,81,116,108">
