<area shape="rect" id="node1" href="http://smw.learning-socle.org/index.php/Cat%C3%A9gorie:TODO" title="TODO" alt="" coords="5,259,77,285">
<area shape="rect" id="node3" href="http://smw.learning-socle.org/index.php/Cat%C3%A9gorie:A_ranger" title="A ranger" alt="" coords="125,253,213,291">
<area shape="rect" id="node5" href="http://smw.learning-socle.org/index.php/Cat%C3%A9gorie:Latest_stable_software_release_templates" title="Latest stable software release templates" alt="" coords="272,5,555,32">
<area shape="rect" id="node7" href="http://smw.learning-socle.org/index.php/Cat%C3%A9gorie:Lua-based_templates" title="Lua&#45;based templates" alt="" coords="335,56,492,83">
<area shape="rect" id="node9" href="http://smw.learning-socle.org/index.php/Cat%C3%A9gorie:Microformat_(uF)_message_templates" title="Microformat (uF) message templates" alt="" coords="284,107,543,133">
<area shape="rect" id="node11" href="http://smw.learning-socle.org/index.php/Cat%C3%A9gorie:Projet:Infobox/Mod%C3%A8les_li%C3%A9s" title="Projet:Infobox/Modèles liés" alt="" coords="319,157,508,184">
<area shape="rect" id="node13" href="http://smw.learning-socle.org/index.php/Cat%C3%A9gorie:Software_infobox_templates" title="Software infobox templates" alt="" coords="315,208,512,235">
<area shape="rect" id="node15" href="http://smw.learning-socle.org/index.php/Cat%C3%A9gorie:TemplateData_documentation" title="TemplateData documentation" alt="" coords="308,259,519,285">
<area shape="rect" id="node17" href="http://smw.learning-socle.org/index.php/Cat%C3%A9gorie:Template_documentation" title="Template documentation" alt="" coords="323,309,504,336">
<area shape="rect" id="node19" href="http://smw.learning-socle.org/index.php/Cat%C3%A9gorie:Template_namespace_templates" title="Template namespace templates" alt="" coords="300,360,527,387">
<area shape="rect" id="node21" href="http://smw.learning-socle.org/index.php/Cat%C3%A9gorie:Templates_generating_hCalendars" title="Templates generating hCalendars" alt="" coords="296,411,531,437">
<area shape="rect" id="node23" href="http://smw.learning-socle.org/index.php/Cat%C3%A9gorie:Wikipedia_formatting_and_function_templates" title="Wikipedia formatting and function templates" alt="" coords="261,461,565,488">
<area shape="rect" id="node25" href="http://smw.learning-socle.org/index.php/Cat%C3%A9gorie:Wikipedia_utility_templates" title="Wikipedia utility templates" alt="" coords="320,512,507,539">
