<area shape="rect" id="node1" href="http://smw.learning-socle.org/index.php/Cat%C3%A9gorie:GraphViz" title="GraphViz" alt="" coords="357,709,448,747">
<area shape="rect" id="node3" href="http://smw.learning-socle.org/index.php/Cat%C3%A9gorie:GraphViz_dot" title="GraphViz dot" alt="" coords="497,715,601,741">
<area shape="rect" id="node4" href="http://smw.learning-socle.org/index.php/Cat%C3%A9gorie:Categorie" title="Categorie" alt="" coords="116,715,199,741">
<area shape="rect" id="node6" href="http://smw.learning-socle.org/index.php/Cat%C3%A9gorie:Pages_avec_des_liens_de_fichiers_bris%C3%A9s" title="Pages avec des liens de fichiers brisés" alt="" coords="25,664,289,691">
<area shape="rect" id="node7" href="http://smw.learning-socle.org/index.php/Cat%C3%A9gorie:Wikipedia_formatting_and_function_templates" title="Wikipedia formatting and function templates" alt="" coords="5,613,309,640">
<area shape="rect" id="node8" href="http://smw.learning-socle.org/index.php/Cat%C3%A9gorie:Template_documentation" title="Template documentation" alt="" coords="67,563,248,589">
<area shape="rect" id="node9" href="http://smw.learning-socle.org/index.php/Cat%C3%A9gorie:Template_namespace_templates" title="Template namespace templates" alt="" coords="44,512,271,539">
<area shape="rect" id="node10" href="http://smw.learning-socle.org/index.php/Cat%C3%A9gorie:Wikipedia_utility_templates" title="Wikipedia utility templates" alt="" coords="64,461,251,488">
<area shape="rect" id="node11" href="http://smw.learning-socle.org/index.php/Cat%C3%A9gorie:Lua-based_templates" title="Lua&#45;based templates" alt="" coords="79,411,236,437">
<area shape="rect" id="node12" href="http://smw.learning-socle.org/index.php/Cat%C3%A9gorie:TODO" title="TODO" alt="" coords="121,360,193,387">
<area shape="rect" id="node13" href="http://smw.learning-socle.org/index.php/Cat%C3%A9gorie:Latest_stable_software_release_templates" title="Latest stable software release templates" alt="" coords="16,309,299,336">
<area shape="rect" id="node14" href="http://smw.learning-socle.org/index.php/Cat%C3%A9gorie:Microformat_(uF)_message_templates" title="Microformat (uF) message templates" alt="" coords="28,259,287,285">
<area shape="rect" id="node15" href="http://smw.learning-socle.org/index.php/Cat%C3%A9gorie:Software_infobox_templates" title="Software infobox templates" alt="" coords="59,208,256,235">
<area shape="rect" id="node16" href="http://smw.learning-socle.org/index.php/Cat%C3%A9gorie:TemplateData_documentation" title="TemplateData documentation" alt="" coords="52,157,263,184">
<area shape="rect" id="node17" href="http://smw.learning-socle.org/index.php/Cat%C3%A9gorie:Templates_generating_hCalendars" title="Templates generating hCalendars" alt="" coords="40,107,275,133">
<area shape="rect" id="node18" href="http://smw.learning-socle.org/index.php/Cat%C3%A9gorie:Projet:Infobox/Mod%C3%A8les_li%C3%A9s" title="Projet:Infobox/Modèles liés" alt="" coords="63,56,252,83">
<area shape="rect" id="node19" href="http://smw.learning-socle.org/index.php/Cat%C3%A9gorie:Cat%C3%A9gorie" title="Catégorie" alt="" coords="116,5,199,32">
